Hello from ocaml!
0 (1, "foo", Any[1.2, "bar"])
0 1
1 foo
2 Any[1.2, "bar"]
0 2
1 foo
2 Any[1.2, "bar"]
0 3
1 foo
2 Any[1.2, "bar"]
4
4
4
42
Any[42.0, "foobar", (1337, "baz")]
Any[42.0, "foobar", (1337, "baz")]
Any[42.0, "foobar", (1337, "baz")]
Any[42.0, "foobar", (1337, "baz")]
foobar|foobar|foobar|foobar
test|test
(nothing, 1, 2, 46)
Tuple{Nothing,Int64,Int64,Int64}
1
86
